
══ Testing test-sequentialtests.R ══════════════════════════════════════════════

[ FAIL 0 | WARN 0 | SKIP 0 | PASS 0 ]
[ FAIL 0 | WARN 1 | SKIP 0 | PASS 0 ]

-- Warning ('test-sequentialtests.R:4:1'): (code run outside of `test_that()`) --
`context()` was deprecated in the 3rd edition.
Backtrace:
    x
 1. \-testthat::context("Sequential Testing Analysis - Mathematical Accuracy") at test-sequentialtests.R:4:1
 2.   \-testthat:::edition_deprecate(3, "context()")
 3.     \-cli::cli_warn(...)

[ FAIL 0 | WARN 1 | SKIP 0 | PASS 0 ]
[ FAIL 0 | WARN 1 | SKIP 0 | PASS 1 ]
[ FAIL 0 | WARN 1 | SKIP 0 | PASS 2 ]
[ FAIL 1 | WARN 1 | SKIP 0 | PASS 2 ]
[ FAIL 2 | WARN 1 | SKIP 0 | PASS 2 ]
[ FAIL 2 | WARN 1 | SKIP 0 | PASS 3 ]
[ FAIL 2 | WARN 1 | SKIP 0 | PASS 4 ]
[ FAIL 3 | WARN 1 | SKIP 0 | PASS 4 ]
[ FAIL 4 | WARN 1 | SKIP 0 | PASS 4 ]
[ FAIL 4 | WARN 1 | SKIP 0 | PASS 5 ]
[ FAIL 4 | WARN 1 | SKIP 0 | PASS 6 ]
[ FAIL 5 | WARN 1 | SKIP 0 | PASS 6 ]
[ FAIL 6 | WARN 1 | SKIP 0 | PASS 6 ]
[ FAIL 6 | WARN 1 | SKIP 0 | PASS 7 ]
[ FAIL 6 | WARN 1 | SKIP 0 | PASS 8 ]
[ FAIL 6 | WARN 1 | SKIP 0 | PASS 9 ]
[ FAIL 6 | WARN 1 | SKIP 0 | PASS 10 ]
[ FAIL 6 | WARN 1 | SKIP 0 | PASS 11 ]
[ FAIL 6 | WARN 1 | SKIP 0 | PASS 12 ]
[ FAIL 6 | WARN 1 | SKIP 0 | PASS 13 ]
[ FAIL 6 | WARN 1 | SKIP 0 | PASS 14 ]
[ FAIL 6 | WARN 1 | SKIP 0 | PASS 15 ]
[ FAIL 6 | WARN 2 | SKIP 0 | PASS 15 ]

-- Failure ('test-sequentialtests.R:55:3'): Serial testing (positive strategy) calculations are mathematically correct --
Expected `round(expected_ppv, 4)` to equal 0.9272.
Differences:
  `actual`: 0.9337
`expected`: 0.9272


-- Failure ('test-sequentialtests.R:56:3'): Serial testing (positive strategy) calculations are mathematically correct --
Expected `round(expected_npv, 4)` to equal 0.9259.
Differences:
  `actual`: 0.974
`expected`: 0.926


-- Failure ('test-sequentialtests.R:75:3'): Serial testing (negative strategy) calculations are mathematically correct --
Expected `round(expected_ppv, 4)` to equal 0.1705.
Differences:
  `actual`: 0.1773
`expected`: 0.1705


-- Failure ('test-sequentialtests.R:76:3'): Serial testing (negative strategy) calculations are mathematically correct --
Expected `round(expected_npv, 4)` to equal 0.9989.
Differences:
  `actual`: 0.9974
`expected`: 0.9989


-- Failure ('test-sequentialtests.R:95:3'): Parallel testing calculations are mathematically correct --
Expected `round(expected_ppv, 4)` to equal 0.5064.
Differences:
  `actual`: 0.534
`expected`: 0.506


-- Failure ('test-sequentialtests.R:96:3'): Parallel testing calculations are mathematically correct --
Expected `round(expected_npv, 4)` to equal 0.9933.
Differences:
  `actual`: 0.9878
`expected`: 0.9933


-- Warning ('test-sequentialtests.R:155:1'): (code run outside of `test_that()`) --
`context()` was deprecated in the 3rd edition.
Backtrace:
    x
 1. \-testthat::context("Sequential Testing Analysis - Clinical Scenarios") at test-sequentialtests.R:155:1
 2.   \-testthat:::edition_deprecate(3, "context()")
 3.     \-cli::cli_warn(...)

[ FAIL 6 | WARN 2 | SKIP 0 | PASS 15 ]
[ FAIL 6 | WARN 2 | SKIP 0 | PASS 16 ]
[ FAIL 6 | WARN 2 | SKIP 0 | PASS 17 ]
[ FAIL 6 | WARN 2 | SKIP 0 | PASS 18 ]
[ FAIL 6 | WARN 2 | SKIP 0 | PASS 19 ]
[ FAIL 6 | WARN 2 | SKIP 0 | PASS 20 ]
[ FAIL 6 | WARN 2 | SKIP 0 | PASS 21 ]
[ FAIL 6 | WARN 2 | SKIP 0 | PASS 22 ]
[ FAIL 6 | WARN 2 | SKIP 0 | PASS 23 ]
[ FAIL 6 | WARN 2 | SKIP 0 | PASS 24 ]
[ FAIL 7 | WARN 2 | SKIP 0 | PASS 24 ]
[ FAIL 7 | WARN 3 | SKIP 0 | PASS 24 ]

-- Error ('test-sequentialtests.R:220:3'): sequentialtests returns finite combined metrics for typical inputs --
Error in `sequentialtests(test1_sens = 0.85, test1_spec = 0.9, test2_sens = 0.95, test2_spec = 0.98, strategy = "serial_positive", prevalence = 0.1)`: could not find function "sequentialtests"

-- Warning ('test-sequentialtests.R:250:1'): (code run outside of `test_that()`) --
`context()` was deprecated in the 3rd edition.
Backtrace:
    x
 1. \-testthat::context("Sequential Testing Analysis - Strategy Comparisons") at test-sequentialtests.R:250:1
 2.   \-testthat:::edition_deprecate(3, "context()")
 3.     \-cli::cli_warn(...)

[ FAIL 7 | WARN 3 | SKIP 0 | PASS 24 ]
[ FAIL 7 | WARN 3 | SKIP 0 | PASS 25 ]
[ FAIL 7 | WARN 3 | SKIP 0 | PASS 26 ]
[ FAIL 7 | WARN 3 | SKIP 0 | PASS 27 ]
[ FAIL 7 | WARN 3 | SKIP 0 | PASS 28 ]
[ FAIL 7 | WARN 3 | SKIP 0 | PASS 29 ]
[ FAIL 7 | WARN 3 | SKIP 0 | PASS 30 ]
[ FAIL 7 | WARN 4 | SKIP 0 | PASS 30 ]

-- Warning ('test-sequentialtests.R:299:1'): (code run outside of `test_that()`) --
`context()` was deprecated in the 3rd edition.
Backtrace:
    x
 1. \-testthat::context("Sequential Testing Analysis - Input Validation") at test-sequentialtests.R:299:1
 2.   \-testthat:::edition_deprecate(3, "context()")
 3.     \-cli::cli_warn(...)

[ FAIL 7 | WARN 4 | SKIP 0 | PASS 30 ]
[ FAIL 7 | WARN 4 | SKIP 0 | PASS 31 ]
[ FAIL 7 | WARN 4 | SKIP 0 | PASS 32 ]
[ FAIL 7 | WARN 4 | SKIP 0 | PASS 33 ]
[ FAIL 7 | WARN 4 | SKIP 0 | PASS 34 ]
[ FAIL 7 | WARN 4 | SKIP 0 | PASS 35 ]
[ FAIL 7 | WARN 4 | SKIP 0 | PASS 36 ]
[ FAIL 7 | WARN 4 | SKIP 0 | PASS 37 ]
[ FAIL 7 | WARN 4 | SKIP 0 | PASS 38 ]
[ FAIL 7 | WARN 4 | SKIP 0 | PASS 39 ]
[ FAIL 7 | WARN 4 | SKIP 0 | PASS 40 ]
[ FAIL 7 | WARN 4 | SKIP 0 | PASS 41 ]
[ FAIL 7 | WARN 4 | SKIP 0 | PASS 42 ]
[ FAIL 7 | WARN 4 | SKIP 0 | PASS 43 ]
[ FAIL 7 | WARN 4 | SKIP 0 | PASS 44 ]
[ FAIL 7 | WARN 4 | SKIP 0 | PASS 45 ]
[ FAIL 7 | WARN 4 | SKIP 0 | PASS 46 ]
[ FAIL 7 | WARN 4 | SKIP 0 | PASS 47 ]
[ FAIL 7 | WARN 4 | SKIP 0 | PASS 48 ]
[ FAIL 7 | WARN 4 | SKIP 0 | PASS 49 ]
[ FAIL 7 | WARN 4 | SKIP 0 | PASS 50 ]
[ FAIL 7 | WARN 4 | SKIP 0 | PASS 51 ]
[ FAIL 7 | WARN 4 | SKIP 0 | PASS 52 ]
[ FAIL 7 | WARN 4 | SKIP 0 | PASS 53 ]
[ FAIL 7 | WARN 4 | SKIP 0 | PASS 54 ]
[ FAIL 7 | WARN 4 | SKIP 0 | PASS 55 ]
[ FAIL 7 | WARN 4 | SKIP 0 | PASS 56 ]
[ FAIL 7 | WARN 4 | SKIP 0 | PASS 57 ]
[ FAIL 7 | WARN 4 | SKIP 0 | PASS 58 ]
[ FAIL 7 | WARN 4 | SKIP 0 | PASS 59 ]
[ FAIL 7 | WARN 4 | SKIP 0 | PASS 60 ]
[ FAIL 7 | WARN 4 | SKIP 0 | PASS 61 ]
[ FAIL 7 | WARN 4 | SKIP 0 | PASS 62 ]
[ FAIL 7 | WARN 4 | SKIP 0 | PASS 63 ]
[ FAIL 7 | WARN 4 | SKIP 0 | PASS 64 ]
[ FAIL 7 | WARN 4 | SKIP 0 | PASS 65 ]
[ FAIL 7 | WARN 4 | SKIP 0 | PASS 66 ]
[ FAIL 7 | WARN 4 | SKIP 0 | PASS 67 ]
[ FAIL 7 | WARN 4 | SKIP 0 | PASS 68 ]
[ FAIL 7 | WARN 4 | SKIP 0 | PASS 69 ]
[ FAIL 7 | WARN 4 | SKIP 0 | PASS 70 ]
[ FAIL 7 | WARN 4 | SKIP 0 | PASS 71 ]
[ FAIL 7 | WARN 4 | SKIP 0 | PASS 72 ]
[ FAIL 7 | WARN 4 | SKIP 0 | PASS 73 ]
[ FAIL 7 | WARN 4 | SKIP 0 | PASS 74 ]
[ FAIL 7 | WARN 4 | SKIP 0 | PASS 75 ]
[ FAIL 7 | WARN 4 | SKIP 0 | PASS 76 ]
[ FAIL 7 | WARN 4 | SKIP 0 | PASS 77 ]
[ FAIL 7 | WARN 4 | SKIP 0 | PASS 78 ]
[ FAIL 7 | WARN 4 | SKIP 0 | PASS 79 ]
[ FAIL 7 | WARN 4 | SKIP 0 | PASS 80 ]
[ FAIL 7 | WARN 4 | SKIP 0 | PASS 81 ]
[ FAIL 7 | WARN 4 | SKIP 0 | PASS 82 ]
[ FAIL 7 | WARN 4 | SKIP 0 | PASS 83 ]
[ FAIL 7 | WARN 4 | SKIP 0 | PASS 84 ]
[ FAIL 7 | WARN 4 | SKIP 0 | PASS 85 ]
[ FAIL 7 | WARN 4 | SKIP 0 | PASS 86 ]
[ FAIL 7 | WARN 4 | SKIP 0 | PASS 87 ]
[ FAIL 7 | WARN 4 | SKIP 0 | PASS 88 ]
[ FAIL 7 | WARN 4 | SKIP 0 | PASS 89 ]
[ FAIL 7 | WARN 4 | SKIP 0 | PASS 90 ]
[ FAIL 7 | WARN 4 | SKIP 0 | PASS 91 ]
[ FAIL 7 | WARN 5 | SKIP 0 | PASS 91 ]

-- Warning ('test-sequentialtests.R:434:1'): (code run outside of `test_that()`) --
`context()` was deprecated in the 3rd edition.
Backtrace:
    x
 1. \-testthat::context("Sequential Testing Analysis - Clinical Decision Making") at test-sequentialtests.R:434:1
 2.   \-testthat:::edition_deprecate(3, "context()")
 3.     \-cli::cli_warn(...)

[ FAIL 7 | WARN 5 | SKIP 0 | PASS 91 ]
[ FAIL 7 | WARN 5 | SKIP 0 | PASS 92 ]
[ FAIL 7 | WARN 5 | SKIP 0 | PASS 93 ]
[ FAIL 7 | WARN 5 | SKIP 0 | PASS 94 ]
[ FAIL 7 | WARN 5 | SKIP 0 | PASS 95 ]
[ FAIL 7 | WARN 5 | SKIP 0 | PASS 96 ]
[ FAIL 7 | WARN 5 | SKIP 0 | PASS 96 ]
