
jamovi compiler

jamovi 28.2.0 found at /Applications/jamovi.app
wrote: aalenhazard.h.R
wrote: aalenhazard.src.js
wrote: adaptivelasso.h.R
wrote: adaptivelasso.src.js
wrote: adaptivetrialdesign.h.R
wrote: adaptivetrialdesign.src.js
wrote: advancedSurvivalPower.h.R
wrote: advancedSurvivalPower.src.js
wrote: advancedanova.h.R
wrote: advancedanova.src.js
wrote: advancedbarplot.h.R
wrote: advancedbarplot.src.js
wrote: advancedimputation.h.R
wrote: advancedimputation.src.js
wrote: advancedraincloud.h.R
wrote: advancedraincloud.src.js
wrote: advancedtrials.h.R
wrote: advancedtrials.src.js
wrote: aeplot.h.R
wrote: aeplot.src.js
wrote: agepyramid.h.R
wrote: agepyramid.src.js
wrote: agreement.h.R
wrote: agreement.src.js
wrote: aivalidation.h.R
wrote: aivalidation.src.js
wrote: alluvial.h.R
wrote: alluvial.src.js
wrote: alluvialSurvival.h.R
wrote: alluvialSurvival.src.js
wrote: assayoptimization.h.R
wrote: assayoptimization.src.js
wrote: autoeda.h.R
wrote: autoeda.src.js
wrote: basegraphics.h.R
wrote: basegraphics.src.js
wrote: batcheffect.h.R
wrote: batcheffect.src.js
wrote: bayesdca.h.R
wrote: bayesdca.src.js
wrote: bayesianci.h.R
wrote: bayesianci.src.js
wrote: bayesianclinical.h.R
wrote: bayesianclinical.src.js
wrote: bayesiandiagnostic.h.R
wrote: bayesiandiagnostic.src.js
wrote: bayesianma.h.R
wrote: bayesianma.src.js
wrote: bayesianmetaanalysis.h.R
wrote: bayesianmetaanalysis.src.js
wrote: bayesiannetworkma.h.R
wrote: bayesiannetworkma.src.js
wrote: bbcplots.h.R
wrote: bbcplots.src.js
wrote: benford.h.R
wrote: benford.src.js
wrote: betabinomialdiagnostic.h.R
wrote: betabinomialdiagnostic.src.js
wrote: biomarkerdiscovery.h.R
wrote: biomarkerdiscovery.src.js
wrote: biomarkerresponse.h.R
wrote: biomarkerresponse.src.js
wrote: brierscore.h.R
wrote: brierscore.src.js
wrote: categoricaladvanced.h.R
wrote: categoricaladvanced.src.js
wrote: categorize.h.R
wrote: categorize.src.js
wrote: causalmediation.h.R
wrote: causalmediation.src.js
wrote: causespecifichazards.h.R
wrote: causespecifichazards.src.js
wrote: checkdata.h.R
wrote: checkdata.src.js
wrote: chisqposttest.h.R
wrote: chisqposttest.src.js
wrote: ciSingle.h.R
wrote: ciSingle.src.js
wrote: circos.h.R
wrote: circos.src.js
wrote: classicalSurvivalPower.h.R
wrote: classicalSurvivalPower.src.js
wrote: classification.h.R
wrote: classification.src.js
wrote: clinicalalerts.h.R
wrote: clinicalalerts.src.js
wrote: clinicalcalculators.h.R
wrote: clinicalcalculators.src.js
wrote: clinicaldashboard.h.R
wrote: clinicaldashboard.src.js
wrote: clinicaldataintegration.h.R
wrote: clinicaldataintegration.src.js
wrote: clinicalheatmap.h.R
wrote: clinicalheatmap.src.js
wrote: clinicalnomograms.h.R
wrote: clinicalnomograms.src.js
wrote: clinicalprediction.h.R
wrote: clinicalprediction.src.js
wrote: clinicalscore.h.R
wrote: clinicalscore.src.js
wrote: clinicaltrialdesign.h.R
wrote: clinicaltrialdesign.src.js
wrote: clinicalvalidation.h.R
wrote: clinicalvalidation.src.js
wrote: clinicalvalidationinteractive.h.R
wrote: clinicalvalidationinteractive.src.js
wrote: clinmon.h.R
wrote: clinmon.src.js
wrote: cochranq.h.R
wrote: cochranq.src.js
wrote: coefplot.h.R
wrote: coefplot.src.js
wrote: cohenskappa.h.R
wrote: cohenskappa.src.js
wrote: comparingSurvival.h.R
wrote: comparingSurvival.src.js
wrote: competingRisksPower.h.R
wrote: competingRisksPower.src.js
wrote: competingsurvival.h.R
wrote: competingsurvival.src.js
wrote: comprehensiveSurvivalPower.h.R
wrote: comprehensiveSurvivalPower.src.js
wrote: concordanceindex.h.R
wrote: concordanceindex.src.js
wrote: conditionalgee.h.R
wrote: conditionalgee.src.js
wrote: conditionalinference.h.R
wrote: conditionalinference.src.js
wrote: conditionalsurvival.h.R
wrote: conditionalsurvival.src.js
wrote: condsurvival.h.R
wrote: condsurvival.src.js
wrote: consortdiagram.h.R
wrote: consortdiagram.src.js
wrote: contTables.h.R
wrote: contTables.src.js
wrote: contTablesPaired.h.R
wrote: contTablesPaired.src.js
wrote: continuousmarkov.h.R
wrote: continuousmarkov.src.js
wrote: continuousrelationship.h.R
wrote: continuousrelationship.src.js
wrote: costeffectiveness.h.R
wrote: costeffectiveness.src.js
wrote: cotest.h.R
wrote: cotest.src.js
wrote: coxdiagnostics.h.R
wrote: coxdiagnostics.src.js
wrote: coxphw.h.R
wrote: coxphw.src.js
wrote: coxrobust.h.R
wrote: coxrobust.src.js
wrote: crosstable.h.R
wrote: crosstable.src.js
wrote: crosstable2.h.R
wrote: crosstable2.src.js
wrote: crosstablepivot.h.R
wrote: crosstablepivot.src.js
wrote: ctdnadynamics.h.R
wrote: ctdnadynamics.src.js
wrote: curemodels.h.R
wrote: curemodels.src.js
wrote: dataquality.h.R
wrote: dataquality.src.js
wrote: datetimeconverter.h.R
wrote: datetimeconverter.src.js
wrote: datevalidator.h.R
wrote: datevalidator.src.js
wrote: decision.h.R
wrote: decision.src.js
wrote: decisioncalculator.h.R
wrote: decisioncalculator.src.js
wrote: decisioncombine.h.R
wrote: decisioncombine.src.js
wrote: decisioncompare.h.R
wrote: decisioncompare.src.js
wrote: decisioncurve.h.R
wrote: decisioncurve.src.js
wrote: decisiongraph.h.R
wrote: decisiongraph.src.js
wrote: decisionpanel.h.R
wrote: decisionpanel.src.js
wrote: deeplearningprediction.h.R
wrote: deeplearningprediction.src.js
wrote: dendrogram.h.R
wrote: dendrogram.src.js
wrote: desctools.h.R
wrote: desctools.src.js
wrote: diagnosticmeta.h.R
wrote: diagnosticmeta.src.js
wrote: diagnosticsamplesize.h.R
wrote: diagnosticsamplesize.src.js
wrote: differentialdiagnosis.h.R
wrote: differentialdiagnosis.src.js
wrote: digitalvalidation.h.R
wrote: digitalvalidation.src.js
wrote: directbinomial.h.R
wrote: directbinomial.src.js
wrote: directregression.h.R
wrote: directregression.src.js
wrote: distributionfit.h.R
wrote: distributionfit.src.js
wrote: door.h.R
wrote: door.src.js
wrote: dynamiccoeff.h.R
wrote: dynamiccoeff.src.js
wrote: dynamicprediction.h.R
wrote: dynamicprediction.src.js
wrote: economistplots.h.R
wrote: economistplots.src.js
wrote: effectsize.h.R
wrote: effectsize.src.js
wrote: emfrailty.h.R
wrote: emfrailty.src.js
wrote: enhancedROC.h.R
wrote: enhancedROC.src.js
wrote: enhancedcorrelation.h.R
wrote: enhancedcorrelation.src.js
wrote: enhancedcrosstable.h.R
wrote: enhancedcrosstable.src.js
wrote: enhancedfactorvariable.h.R
wrote: enhancedfactorvariable.src.js
wrote: enhancedfrequency.h.R
wrote: enhancedfrequency.src.js
wrote: enhancedtables.h.R
wrote: enhancedtables.src.js
wrote: enhancedtwowayfrequency.h.R
wrote: enhancedtwowayfrequency.src.js
wrote: entropyanalysis.h.R
wrote: entropyanalysis.src.js
wrote: epidemiosurvival.h.R
wrote: epidemiosurvival.src.js
wrote: esquisseauto.h.R
wrote: esquisseauto.src.js
wrote: eurostatmap.h.R
wrote: eurostatmap.src.js
wrote: evalue.h.R
wrote: evalue.src.js
wrote: exacttests.h.R
wrote: exacttests.src.js
wrote: excessmortality.h.R
wrote: excessmortality.src.js
wrote: explainableai.h.R
wrote: explainableai.src.js
wrote: extratrees.h.R
wrote: extratrees.src.js
wrote: factoranalysis.h.R
wrote: factoranalysis.src.js
wrote: featurequality.h.R
wrote: featurequality.src.js
wrote: finegray.h.R
wrote: finegray.src.js
wrote: firthregression.h.R
wrote: firthregression.src.js
wrote: flexcomprisk.h.R
wrote: flexcomprisk.src.js
wrote: flexiblerelativesurvival.h.R
wrote: flexiblerelativesurvival.src.js
wrote: flexmultistate.h.R
wrote: flexmultistate.src.js
wrote: flexparametric.h.R
wrote: flexparametric.src.js
wrote: flexrstpm2.h.R
wrote: flexrstpm2.src.js
wrote: fragilityindex.h.R
wrote: fragilityindex.src.js
wrote: frailtysurvival.h.R
wrote: frailtysurvival.src.js
wrote: friedmantest.h.R
wrote: friedmantest.src.js
wrote: functionalsampling.h.R
wrote: functionalsampling.src.js
wrote: gcomputation.h.R
wrote: gcomputation.src.js
wrote: geemodel.h.R
wrote: geemodel.src.js
wrote: generalizedroc.h.R
wrote: generalizedroc.src.js
wrote: generalpseudo.h.R
wrote: generalpseudo.src.js
wrote: ggprism.h.R
wrote: ggprism.src.js
wrote: gradientboosting.h.R
wrote: gradientboosting.src.js
wrote: grafify.h.R
wrote: grafify.src.js
wrote: greyzoneroc.h.R
wrote: greyzoneroc.src.js
wrote: groomecompare.h.R
wrote: groomecompare.src.js
wrote: groupedbar.h.R
wrote: groupedbar.src.js
wrote: groupedforest.h.R
wrote: groupedforest.src.js
wrote: grouplasso.h.R
wrote: grouplasso.src.js
wrote: groupsummary.h.R
wrote: groupsummary.src.js
wrote: gsdesign.h.R
wrote: gsdesign.src.js
wrote: gtsummary.h.R
wrote: gtsummary.src.js
wrote: haralicktexture.h.R
wrote: haralicktexture.src.js
wrote: hematologicindices.h.R
wrote: hematologicindices.src.js
wrote: hiddenmarkov.h.R
wrote: hiddenmarkov.src.js
wrote: hierarchicalbayes.h.R
wrote: hierarchicalbayes.src.js
wrote: hierarchicalpathology.h.R
wrote: hierarchicalpathology.src.js
wrote: highdimcox.h.R
wrote: highdimcox.src.js
wrote: hullplot.h.R
wrote: hullplot.src.js
wrote: icccoeff.h.R
wrote: icccoeff.src.js
wrote: idi.h.R
wrote: idi.src.js
wrote: ihcadvanced.h.R
wrote: ihcadvanced.src.js
wrote: ihcbasic.h.R
wrote: ihcbasic.src.js
wrote: ihccluster.h.R
wrote: ihccluster.src.js
wrote: ihcdiagnostic.h.R
wrote: ihcdiagnostic.src.js
wrote: ihcheterogeneity.h.R
wrote: ihcheterogeneity.src.js
wrote: ihcimmune.h.R
wrote: ihcimmune.src.js
wrote: ihcpredict.h.R
wrote: ihcpredict.src.js
wrote: ihcscoring.h.R
wrote: ihcscoring.src.js
wrote: ihcsurvival.h.R
wrote: ihcsurvival.src.js
wrote: ihcthreshold.h.R
wrote: ihcthreshold.src.js
wrote: illnessdeath.h.R
wrote: illnessdeath.src.js
wrote: imagingcorrelation.h.R
wrote: imagingcorrelation.src.js
wrote: interruptedtimeseries.h.R
wrote: interruptedtimeseries.src.js
wrote: intervalsurvival.h.R
wrote: intervalsurvival.src.js
wrote: irecist.h.R
wrote: irecist.src.js
wrote: jcomplexupset.h.R
wrote: jcomplexupset.src.js
wrote: jcorrelation.h.R
wrote: jcorrelation.src.js
wrote: jextractggstats.h.R
wrote: jextractggstats.src.js
wrote: jforester.h.R
wrote: jforester.src.js
wrote: jforestmodel.h.R
wrote: jforestmodel.src.js
wrote: jggheatmap.h.R
wrote: jggheatmap.src.js
wrote: jggstats.h.R
wrote: jggstats.src.js
wrote: jiwillsurvive.h.R
wrote: jiwillsurvive.src.js
wrote: jjarcdiagram.h.R
wrote: jjarcdiagram.src.js
wrote: jjbarstats.h.R
wrote: jjbarstats.src.js
wrote: jjbetweenstats.h.R
wrote: jjbetweenstats.src.js
wrote: jjcoefstats.h.R
wrote: jjcoefstats.src.js
wrote: jjcorrmat.h.R
wrote: jjcorrmat.src.js
wrote: jjdotchart.h.R
wrote: jjdotchart.src.js
wrote: jjdotplotstats.h.R
wrote: jjdotplotstats.src.js
wrote: jjhistostats.h.R
wrote: jjhistostats.src.js
wrote: jjoncoplot.h.R
wrote: jjoncoplot.src.js
wrote: jjpiestats.h.R
wrote: jjpiestats.src.js
wrote: jjpubr.h.R
wrote: jjpubr.src.js
wrote: jjradarplot.h.R
wrote: jjradarplot.src.js
wrote: jjridges.h.R
wrote: jjridges.src.js
wrote: jjscatterstats.h.R
wrote: jjscatterstats.src.js
wrote: jjsegmentedtotalbar.h.R
wrote: jjsegmentedtotalbar.src.js
wrote: jjsyndromicplot.h.R
wrote: jjsyndromicplot.src.js
wrote: jjtreemap.h.R
wrote: jjtreemap.src.js
wrote: jjwithinstats.h.R
wrote: jjwithinstats.src.js
wrote: joinpoint.h.R
wrote: joinpoint.src.js
wrote: jointfrailty.h.R
wrote: jointfrailty.src.js
wrote: jointmodeling.h.R
wrote: jointmodeling.src.js
wrote: jpps.h.R
wrote: jpps.src.js
wrote: jrecode.h.R
wrote: jrecode.src.js
wrote: jscattermore.h.R
wrote: jscattermore.src.js
wrote: jsjplot.h.R
wrote: jsjplot.src.js
wrote: jsummarytools.h.R
wrote: jsummarytools.src.js
wrote: jviolin.h.R
wrote: jviolin.src.js
wrote: jvisr.h.R
wrote: jvisr.src.js
wrote: jwaffle.h.R
wrote: jwaffle.src.js
wrote: kappaSizeCI.h.R
wrote: kappaSizeCI.src.js
wrote: kappaSizeFixedN.h.R
wrote: kappaSizeFixedN.src.js
wrote: kappaSizePower.h.R
wrote: kappaSizePower.src.js
wrote: labcontrolcharts.h.R
wrote: labcontrolcharts.src.js
wrote: labinterpret.h.R
wrote: labinterpret.src.js
wrote: landmarkanalysis.h.R
wrote: landmarkanalysis.src.js
wrote: lassocox.h.R
wrote: lassocox.src.js
wrote: lassointro.h.R
wrote: lassointro.src.js
wrote: lassologistic.h.R
wrote: lassologistic.src.js
wrote: latentbiomarker.h.R
wrote: latentbiomarker.src.js
wrote: leaveonecenterout.h.R
wrote: leaveonecenterout.src.js
wrote: likelihoodratio.h.R
wrote: likelihoodratio.src.js
wrote: linechart.h.R
wrote: linechart.src.js
wrote: lollipop.h.R
wrote: lollipop.src.js
wrote: lymphnoderatio.h.R
wrote: lymphnoderatio.src.js
wrote: mageeequation.h.R
wrote: mageeequation.src.js
wrote: mantelhaenszel.h.R
wrote: mantelhaenszel.src.js
wrote: marginalrecurrent.h.R
wrote: marginalrecurrent.src.js
wrote: markovmultistate.h.R
wrote: markovmultistate.src.js
wrote: measurementuncertainty.h.R
wrote: measurementuncertainty.src.js
wrote: mediansurvival.h.R
wrote: mediansurvival.src.js
wrote: mendelianrandomization.h.R
wrote: mendelianrandomization.src.js
wrote: metaanalysis.h.R
wrote: metaanalysis.src.js
wrote: methodcomparison.h.R
wrote: methodcomparison.src.js
wrote: methodvalidation.h.R
wrote: methodvalidation.src.js
wrote: misclassificationbias.h.R
wrote: misclassificationbias.src.js
wrote: missingdata.h.R
wrote: missingdata.src.js
wrote: missingdataexplorer.h.R
wrote: missingdataexplorer.src.js
wrote: mixedcox.h.R
wrote: mixedcox.src.js
wrote: mixedeffectscox.h.R
wrote: mixedeffectscox.src.js
wrote: mixedmodelanova.h.R
wrote: mixedmodelanova.src.js
wrote: mlpathology.h.R
wrote: mlpathology.src.js
wrote: modalitycomparison.h.R
wrote: modalitycomparison.src.js
wrote: modelbuilder.h.R
wrote: modelbuilder.src.js
wrote: modelperformance.h.R
wrote: modelperformance.src.js
wrote: modelval.h.R
wrote: modelval.src.js
wrote: multiclassdiagnostics.h.R
wrote: multiclassdiagnostics.src.js
wrote: multiclassroc.h.R
wrote: multiclassroc.src.js
wrote: multifocalconcordance.h.R
wrote: multifocalconcordance.src.js
wrote: multiplexanalysis.h.R
wrote: multiplexanalysis.src.js
wrote: multistatesurvival.h.R
wrote: multistatesurvival.src.js
wrote: multisurvival.h.R
wrote: multisurvival.src.js
wrote: ncvregcox.h.R
wrote: ncvregcox.src.js
wrote: netreclassification.h.R
wrote: netreclassification.src.js
wrote: nogoldstandard.h.R
wrote: nogoldstandard.src.js
wrote: nonparametric.h.R
wrote: nonparametric.src.js
wrote: nonparametricregression.h.R
wrote: nonparametricregression.src.js
wrote: oddsratio.h.R
wrote: oddsratio.src.js
wrote: oneSurvival.h.R
wrote: oneSurvival.src.js
wrote: optimalcutpoint.h.R
wrote: optimalcutpoint.src.js
wrote: ordinalmixedmodel.h.R
wrote: ordinalmixedmodel.src.js
wrote: ordinalroc.h.R
wrote: ordinalroc.src.js
wrote: outbreakanalysis.h.R
wrote: outbreakanalysis.src.js
wrote: outcomeorganizer.h.R
wrote: outcomeorganizer.src.js
wrote: outlierdetection.h.R
wrote: outlierdetection.src.js
wrote: pagetrendtest.h.R
wrote: pagetrendtest.src.js
wrote: parallelplot.h.R
wrote: parallelplot.src.js
wrote: parametricfrailty.h.R
wrote: parametricfrailty.src.js
wrote: partialcorrelation.h.R
wrote: partialcorrelation.src.js
wrote: pathagreement.h.R
wrote: pathagreement.src.js
wrote: pathologyagreement.h.R
wrote: pathologyagreement.src.js
wrote: pathologycomposition.h.R
wrote: pathologycomposition.src.js
wrote: pathsampling.h.R
wrote: pathsampling.src.js
wrote: patientdashboard.h.R
wrote: patientdashboard.src.js
wrote: patientfollowupintro.h.R
wrote: patientfollowupintro.src.js
wrote: patientreported.h.R
wrote: patientreported.src.js
wrote: patientsimilarity.h.R
wrote: patientsimilarity.src.js
wrote: pcacomponenttest.h.R
wrote: pcacomponenttest.src.js
wrote: pcacox.h.R
wrote: pcacox.src.js
wrote: pcaloadingheatmap.h.R
wrote: pcaloadingheatmap.src.js
wrote: pcaloadingtest.h.R
wrote: pcaloadingtest.src.js
wrote: permutationsurvival.h.R
wrote: permutationsurvival.src.js
wrote: pheval.h.R
wrote: pheval.src.js
wrote: plscox.h.R
wrote: plscox.src.js
wrote: polychoriccorr.h.R
wrote: polychoriccorr.src.js
wrote: populationhealth.h.R
wrote: populationhealth.src.js
wrote: ppv.h.R
wrote: ppv.src.js
wrote: prauc.h.R
wrote: prauc.src.js
wrote: precisionrecall.h.R
wrote: precisionrecall.src.js
wrote: predmodel.h.R
wrote: predmodel.src.js
wrote: progressionsurvival.h.R
wrote: progressionsurvival.src.js
wrote: pseudosurvival.h.R
wrote: pseudosurvival.src.js
wrote: psychopdaROC.h.R
wrote: psychopdaROC.src.js
wrote: qtwist.h.R
wrote: qtwist.src.js
wrote: qualitycontrol.h.R
wrote: qualitycontrol.src.js
wrote: qualityoflife.h.R
wrote: qualityoflife.src.js
wrote: raftgee.h.R
wrote: raftgee.src.js
wrote: raincloud.h.R
wrote: raincloud.src.js
wrote: recist.h.R
wrote: recist.src.js
wrote: reclassmetrics.h.R
wrote: reclassmetrics.src.js
wrote: recurrentsurvival.h.R
wrote: recurrentsurvival.src.js
wrote: referenceintervals.h.R
wrote: referenceintervals.src.js
wrote: relativesurvival.h.R
wrote: relativesurvival.src.js
wrote: reportcat.h.R
wrote: reportcat.src.js
wrote: reportcat2.h.R
wrote: reportcat2.src.js
wrote: residualcancerburden.h.R
wrote: residualcancerburden.src.js
wrote: retracted.h.R
wrote: retracted.src.js
wrote: riverplot.h.R
wrote: riverplot.src.js
wrote: rmst.h.R
wrote: rmst.src.js
wrote: rmstregression.h.R
wrote: rmstregression.src.js
wrote: robustaft.h.R
wrote: robustaft.src.js
wrote: robustcorrelation.h.R
wrote: robustcorrelation.src.js
wrote: roc2d.h.R
wrote: roc2d.src.js
wrote: rocreg.h.R
wrote: rocreg.src.js
wrote: rpasurvival.h.R
wrote: rpasurvival.src.js
wrote: samplingerror.h.R
wrote: samplingerror.src.js
wrote: screeningcalculator.h.R
wrote: screeningcalculator.src.js
wrote: screeningevaluation.h.R
wrote: screeningevaluation.src.js
wrote: segmentationmetrics.h.R
wrote: segmentationmetrics.src.js
wrote: semimarkov.h.R
wrote: semimarkov.src.js
wrote: sequentialtests.h.R
wrote: sequentialtests.src.js
wrote: sigmametrics.h.R
wrote: sigmametrics.src.js
wrote: simonmakuch.h.R
wrote: simonmakuch.src.js
wrote: simpleSurvivalPower.h.R
wrote: simpleSurvivalPower.src.js
wrote: singlearm.h.R
wrote: singlearm.src.js
wrote: smoothhazard.h.R
wrote: smoothhazard.src.js
wrote: smoothtimevary.h.R
wrote: smoothtimevary.src.js
wrote: sparsegrouplasso.h.R
wrote: sparsegrouplasso.src.js
wrote: spatialanalysis.h.R
wrote: spatialanalysis.src.js
wrote: spatialautocorrelation.h.R
wrote: spatialautocorrelation.src.js
wrote: spatialbayesiansurvival.h.R
wrote: spatialbayesiansurvival.src.js
wrote: spikeslabpriors.h.R
wrote: spikeslabpriors.src.js
wrote: splinehazard.h.R
wrote: splinehazard.src.js
wrote: stagemigration.h.R
wrote: stagemigration.src.js
wrote: standardizedratio.h.R
wrote: standardizedratio.src.js
wrote: statsplot2.h.R
wrote: statsplot2.src.js
wrote: stereology.h.R
wrote: stereology.src.js
wrote: stratifiedparametric.h.R
wrote: stratifiedparametric.src.js
wrote: studydiagram.h.R
wrote: studydiagram.src.js
wrote: subgroupforest.h.R
wrote: subgroupforest.src.js
wrote: summarydata.h.R
wrote: summarydata.src.js
wrote: summarydata2.h.R
wrote: summarydata2.src.js
wrote: superpc.h.R
wrote: superpc.src.js
wrote: surveysurvival.h.R
wrote: surveysurvival.src.js
wrote: survival.h.R
wrote: survival.src.js
wrote: survivalPower.h.R
wrote: survivalPower.src.js
wrote: survivalbart.h.R
wrote: survivalbart.src.js
wrote: survivalcalibration.h.R
wrote: survivalcalibration.src.js
wrote: survivalcont.h.R
wrote: survivalcont.src.js
wrote: survivalendpoints.h.R
wrote: survivalendpoints.src.js
wrote: survivalfeaturerank.h.R
wrote: survivalfeaturerank.src.js
wrote: survivalmodelvalidation.h.R
wrote: survivalmodelvalidation.src.js
wrote: survivalvalidation.h.R
wrote: survivalvalidation.src.js
wrote: swimmerplot.h.R
wrote: swimmerplot.src.js
wrote: synopticcompleteness.h.R
wrote: synopticcompleteness.src.js
wrote: tableone.h.R
wrote: tableone.src.js
wrote: tidydensity.h.R
wrote: tidydensity.src.js
wrote: tidyplots.h.R
wrote: tidyplots.src.js
wrote: timedependent.h.R
wrote: timedependent.src.js
wrote: timedependentdca.h.R
wrote: timedependentdca.src.js
wrote: timeinterval.h.R
wrote: timeinterval.src.js
wrote: timeroc.h.R
wrote: timeroc.src.js
wrote: timeupdatedsurvival.h.R
wrote: timeupdatedsurvival.src.js
wrote: timeupdatesurvival.h.R
wrote: timeupdatesurvival.src.js
wrote: timevarycox.h.R
wrote: timevarycox.src.js
wrote: tinytable.h.R
wrote: tinytable.src.js
wrote: toolssummary.h.R
wrote: toolssummary.src.js
wrote: toxicityprofile.h.R
wrote: toxicityprofile.src.js
wrote: transformationmodels.h.R
wrote: transformationmodels.src.js
wrote: treatmenteffects.h.R
wrote: treatmenteffects.src.js
wrote: treatmentmeta.h.R
wrote: treatmentmeta.src.js
wrote: treatmentoptim.h.R
wrote: treatmentoptim.src.js
wrote: treatmentswitching.h.R
wrote: treatmentswitching.src.js
wrote: treeadvanced.h.R
wrote: treeadvanced.src.js
wrote: treecompare.h.R
wrote: treecompare.src.js
wrote: treeensemble.h.R
wrote: treeensemble.src.js
wrote: treemedical.h.R
wrote: treemedical.src.js
wrote: trichotomousroc.h.R
wrote: trichotomousroc.src.js
wrote: tumorbudding.h.R
wrote: tumorbudding.src.js
wrote: tumorgrowth.h.R
wrote: tumorgrowth.src.js
wrote: variablebiplot.h.R
wrote: variablebiplot.src.js
wrote: vartree.h.R
wrote: vartree.src.js
wrote: venn.h.R
wrote: venn.src.js
wrote: vusanalysis.h.R
wrote: vusanalysis.src.js
wrote: waterfall.h.R
wrote: waterfall.src.js
wrote: waterfallrecist.h.R
wrote: waterfallrecist.src.js
wrote: weightedlogrank.h.R
wrote: weightedlogrank.src.js
wrote: winratio.h.R
wrote: winratio.src.js
writing module meta
wrote: 00jmv.R
wrote: 0000.yaml
